<git 명령어 기본>
Microsoft Windows [Version 10.0.19044.2251]
(c) Microsoft Corporation. All rights reserved.

C:\Users\SIST>cd \

C:\>cd test01

C:\test01>git init
Initialized empty Git repository in C:/test01/.git/

C:\test01>git commit -m "first commit"
Author identity unknown

*** Please tell me who you are.

Run

  git config --global user.email "you@example.com"
  git config --global user.name "Your Name"

to set your account's default identity.
Omit --global to set the identity only in this repository.

fatal: unable to auto-detect email address (got 'SIST@DESKTOP-DPRKSDR.(none)')

C:\test01>git config --global user.name "yy-ham"

C:\test01>git config --global user.email "yyham.dev@gmail.com"

C:\test01>git commit -m "first commit"
On branch master

Initial commit

Untracked files:
  (use "git add <file>..." to include in what will be committed)
        ex01.txt
        ex02.java

nothing added to commit but untracked files present (use "git add" to track)

C:\test01>git add .

C:\test01>git commit -m "first commit"
[master (root-commit) 612b1fe] first commit
 2 files changed, 7 insertions(+)
 create mode 100644 ex01.txt
 create mode 100644 ex02.java

C:\test01>git branch -M main

C:\test01>git remote add origin https://github.com/yy-ham/test01.git

C:\test01>git push -u origin main
info: please complete authentication in your browser...
Enumerating objects: 4, done.
Counting objects: 100% (4/4), done.
Delta compression using up to 12 threads
Compressing objects: 100% (3/3), done.
Writing objects: 100% (4/4), 352 bytes | 352.00 KiB/s, done.
Total 4 (delta 0), reused 0 (delta 0), pack-reused 0
To https://github.com/yy-ham/test01.git
 * [new branch]      main -> main
branch 'main' set up to track 'origin/main'.

C:\test01>